(---------------------------------------------------------------------)
(                                                                     )
(    Allegro Netrev Import Logic                                      )
(                                                                     )
(    Drawing          : c100s_85x45.brd                               )
(    Software Version : 17.2P019                                      )
(    Date/Time        : Fri Jun 14 20:58:11 2019                      )
(                                                                     )
(---------------------------------------------------------------------)


------ Directives ------------

Ripup etch:                  No
Ripup delete first segment:  No
Ripup retain bondwire:       No
Ripup symbols:               Always
Missing symbol has error:    No
DRC update:                  Yes
Schematic directory:         'C:/Users/admin/Documents/GitHub/project.pcb/Allegro/F1C100s_00/allegro'
Design Directory:            '.'
Old design name:             'C:/Users/admin/Documents/GitHub/project.pcb/Allegro/F1C100s_00/allegro/c100s_85x45.brd'
New design name:             'C:/Users/admin/Documents/GitHub/project.pcb/Allegro/F1C100s_00/allegro/c100s_85x45.brd'

CmdLine: netrev -$ -i C:/Users/admin/Documents/GitHub/project.pcb/Allegro/F1C100s_00/allegro -y 1 -q netrev_constraint_report.xml C:/Users/admin/Documents/GitHub/project.pcb/Allegro/F1C100s_00/allegro/#Taaaaae21664.tmp

------ Preparing to read pst files ------

Starting to read C:/Users/admin/Documents/GitHub/project.pcb/Allegro/F1C100s_00/allegro/pstchip.dat 
   Finished reading C:/Users/admin/Documents/GitHub/project.pcb/Allegro/F1C100s_00/allegro/pstchip.dat (00:00:00.11)
Starting to read C:/Users/admin/Documents/GitHub/project.pcb/Allegro/F1C100s_00/allegro/pstxprt.dat 
   Finished reading C:/Users/admin/Documents/GitHub/project.pcb/Allegro/F1C100s_00/allegro/pstxprt.dat (00:00:00.00)
Starting to read C:/Users/admin/Documents/GitHub/project.pcb/Allegro/F1C100s_00/allegro/pstxnet.dat 
   Finished reading C:/Users/admin/Documents/GitHub/project.pcb/Allegro/F1C100s_00/allegro/pstxnet.dat (00:00:00.00)

------ Oversights/Warnings/Errors ------


------ Library Paths ------
MODULEPATH =  . 
           D:/Cadence/Cadence_SPB_17.2-2016/share/local/pcb/modules 

PSMPATH =  . 
           symbols 
           .. 
           ../symbols 
           D:/Cadence/Cadence_SPB_17.2-2016/share/local/pcb/symbols 
           D:/Cadence/Cadence_SPB_17.2-2016/share/pcb/pcb_lib/symbols 
           D:/Cadence/Cadence_SPB_17.2-2016/share/pcb/allegrolib/symbols 
           C:/Users/admin/Documents/GitHub/AllegroPackages/shape/ 
           C:/Users/admin/Documents/GitHub/AllegroPackages/pcb/ 
           C:/Users/admin/Documents/GitHub/AllegroPackages/pad/ 

PADPATH =  . 
           symbols 
           .. 
           ../symbols 
           D:/Cadence/Cadence_SPB_17.2-2016/share/local/pcb/padstacks 
           D:/Cadence/Cadence_SPB_17.2-2016/share/pcb/pcb_lib/symbols 
           D:/Cadence/Cadence_SPB_17.2-2016/share/pcb/allegrolib/symbols 
           C:/Users/admin/Documents/GitHub/AllegroPackages/pad/ 


------ Summary Statistics ------


netrev run on Jun 14 20:58:11 2019
   DESIGN NAME : 'C100S_00'
   PACKAGING ON Mar  2 2016 00:37:24

   COMPILE 'logic'
   CHECK_PIN_NAMES OFF
   CROSS_REFERENCE OFF
   FEEDBACK OFF
   INCREMENTAL OFF
   INTERFACE_TYPE PHYSICAL
   MAX_ERRORS 500
   MERGE_MINIMUM 5
   NET_NAME_CHARS '#%&()*+-./:=>?@[]^_`|'
   NET_NAME_LENGTH 24
   OVERSIGHTS ON
   REPLACE_CHECK OFF
   SINGLE_NODE_NETS ON
   SPLIT_MINIMUM 0
   SUPPRESS   20
   WARNINGS ON

 No error detected
 No oversight detected
 No warning detected

cpu time      0:08:26
elapsed time  0:00:03

